{
  "version": "1.5.0",
  "plugins_used": [
    {"name": "ArtifactoryDetector"},
    {"name": "AWSKeyDetector"},
    {"name": "AzureStorageKeyDetector"},
    {"name": "Base64HighEntropyString", "limit": 4.5},
    {"name": "BasicAuthDetector"},
    {"name": "CloudantDetector"},
    {"name": "DiscordBotTokenDetector"},
    {"name": "GitHubTokenDetector"},
    {"name": "HexHighEntropyString", "limit": 3.0},
    {"name": "IbmCloudIamDetector"},
    {"name": "JwtTokenDetector"},
    {"name": "KeywordDetector"},
    {"name": "MailchimpDetector"},
    {"name": "NpmDetector"},
    {"name": "PrivateKeyDetector"},
    {"name": "SlackDetector"},
    {"name": "SoftlayerDetector"},
    {"name": "StripeDetector"},
    {"name": "TwilioKeyDetector"}
  ],
  "filters_used": [
    {"path": "detect_secrets.filters.allowlist.is_line_allowlisted"},
    {"path": "detect_secrets.filters.needs_recursion.is_file_recursively_scannable"}
  ],
  "results": {
    "docs\\operations\\legacy_helper_consumers.json": [
      {
        "type": "Hex High Entropy String",
        "filename": "docs\\operations\\legacy_helper_consumers.json",
        "hashed_secret": "73af50f9432237b3f3dbf087f735fe29ef32441c",
        "is_verified": false,
        "line_number": 37
      },
      {
        "type": "Hex High Entropy String",
        "filename": "docs\\operations\\legacy_helper_consumers.json",
        "hashed_secret": "8cd9156a7910988f4d1b3de9e007c154140282e7",
        "is_verified": false,
        "line_number": 51
      },
      {
        "type": "Hex High Entropy String",
        "filename": "docs\\operations\\legacy_helper_consumers.json",
        "hashed_secret": "39d8a9223e32b49ad871c5ed2ae606a0b83606b0",
        "is_verified": false,
        "line_number": 1235
      },
      {
        "type": "Hex High Entropy String",
        "filename": "docs\\operations\\legacy_helper_consumers.json",
        "hashed_secret": "a0e8d21771400bb1998375b6207ae7dafa946ebb",
        "is_verified": false,
        "line_number": 1249
      }
    ],
    "tests\\test_legacy_helper_consumer_review.py": [
      {
        "type": "Hex High Entropy String",
        "filename": "tests\\test_legacy_helper_consumer_review.py",
        "hashed_secret": "8cd9156a7910988f4d1b3de9e007c154140282e7",
        "is_verified": false,
        "line_number": 16
      }
    ]
  }
}
